{"u_token":"njqla6neJuowTVRCQL1gWw2nMYGlxe1o","part_number":"LM2940T-5.0/NOPB","manufacturer":"Texas Instruments","mode":"place-part","plugin":".snap","source":"https://www.snapeda.com"}